[2018-12-06T13:24:34.122] [DEBUG] default - log debug
[2018-12-06T13:24:34.139] [INFO] default - log info
[2018-12-06T13:24:34.140] [WARN] default - log warn
[2018-12-06T13:24:34.140] [ERROR] default - log error
[2018-12-06T13:24:34.145] [FATAL] default - log fatal
